[2026-10-07 03:54:41] 开始更新IPTV直播源
[2026-10-07 03:54:41] 正在获取: https://m3u.ibert.me/fmml_ipv6.m3u
[2026-10-07 03:54:42] 从该源解析出 82 个频道
[2026-10-07 03:54:43] 正在获取: https://live.zbds.org/tv/iptv6.m3u
[2026-10-07 03:54:46] 获取异常: HTTPSConnectionPool(host='live.zbds.org', port=443): Max retries exceeded with url: /tv/iptv6.m3u (Caused by NameResolutionError("HTTPSConnection(host='live.zbds.org', port=443): Failed to resolve 'live.zbds.org' ([Errno -2] Name or service not known)"))
[2026-10-07 03:54:46] 正在获取: https://raw.githubusercontent.com/suxuang/myIPTV/refs/heads/main/ipv4.m3u
[2026-10-07 03:54:46] 从该源解析出 1225 个频道
[2026-10-07 03:54:47] 正在获取: https://zbds.org/tv/iptv4.m3u
[2026-10-07 03:54:51] 获取异常: HTTPSConnectionPool(host='zbds.org', port=443): Max retries exceeded with url: /tv/iptv4.m3u (Caused by NameResolutionError("HTTPSConnection(host='zbds.org', port=443): Failed to resolve 'zbds.org' ([Errno -2] Name or service not known)"))
[2026-10-07 03:54:51] 正在获取: https://raw.githubusercontent.com/BurningC4/Chinese-IPTV/master/TV-IPV4.m3u
[2026-10-07 03:54:51] 从该源解析出 58 个频道
[2026-10-07 03:54:52] 去重后频道: 1318
[2026-10-07 03:54:52] 质量过滤后: 1318
[2026-10-07 03:54:52] 开始并行验证 1318 个频道...
[2026-10-07 03:54:52] 已验证 20/1318 个频道
[2026-10-07 03:54:52] 已验证 40/1318 个频道
[2026-10-07 03:54:54] 已验证 60/1318 个频道
[2026-10-07 03:54:59] 已验证 80/1318 个频道
[2026-10-07 03:55:03] 已验证 100/1318 个频道
[2026-10-07 03:55:09] 已验证 120/1318 个频道
[2026-10-07 03:55:14] 已验证 140/1318 个频道
[2026-10-07 03:55:25] 已验证 160/1318 个频道
[2026-10-07 03:55:37] 已验证 180/1318 个频道
[2026-10-07 03:55:46] 已验证 200/1318 个频道
[2026-10-07 03:55:50] 已验证 220/1318 个频道
[2026-10-07 03:55:52] 已验证 240/1318 个频道
[2026-10-07 03:55:54] 已验证 260/1318 个频道
[2026-10-07 03:55:59] 已验证 280/1318 个频道
[2026-10-07 03:56:08] 已验证 300/1318 个频道
[2026-10-07 03:56:11] 已验证 320/1318 个频道
[2026-10-07 03:56:12] 已验证 340/1318 个频道
[2026-10-07 03:56:14] 已验证 360/1318 个频道
[2026-10-07 03:56:15] 已验证 380/1318 个频道
[2026-10-07 03:56:17] 已验证 400/1318 个频道
[2026-10-07 03:56:17] 已验证 420/1318 个频道
[2026-10-07 03:56:25] 已验证 440/1318 个频道
[2026-10-07 03:56:31] 已验证 460/1318 个频道
[2026-10-07 03:56:34] 已验证 480/1318 个频道
[2026-10-07 03:56:36] 已验证 500/1318 个频道
[2026-10-07 03:56:58] 已验证 520/1318 个频道
[2026-10-07 03:57:07] 已验证 540/1318 个频道
[2026-10-07 03:57:13] 已验证 560/1318 个频道
[2026-10-07 03:57:16] 已验证 580/1318 个频道
[2026-10-07 03:57:18] 已验证 600/1318 个频道
[2026-10-07 03:57:22] 已验证 620/1318 个频道
[2026-10-07 03:57:26] 已验证 640/1318 个频道
[2026-10-07 03:57:29] 已验证 660/1318 个频道
[2026-10-07 03:57:30] 已验证 680/1318 个频道
[2026-10-07 03:57:33] 已验证 700/1318 个频道
[2026-10-07 03:57:58] 已验证 720/1318 个频道
[2026-10-07 03:58:22] 已验证 740/1318 个频道
[2026-10-07 03:58:43] 已验证 760/1318 个频道
[2026-10-07 03:58:48] 已验证 780/1318 个频道
[2026-10-07 03:58:50] 已验证 800/1318 个频道
[2026-10-07 03:58:52] 已验证 820/1318 个频道
[2026-10-07 03:58:54] 已验证 840/1318 个频道
[2026-10-07 03:58:56] 已验证 860/1318 个频道
[2026-10-07 03:58:57] 已验证 880/1318 个频道
[2026-10-07 03:59:02] 已验证 900/1318 个频道
[2026-10-07 03:59:04] 已验证 920/1318 个频道
[2026-10-07 03:59:12] 已验证 940/1318 个频道
[2026-10-07 03:59:20] 已验证 960/1318 个频道
[2026-10-07 03:59:27] 已验证 980/1318 个频道
[2026-10-07 03:59:36] 已验证 1000/1318 个频道
[2026-10-07 03:59:39] 已验证 1020/1318 个频道
[2026-10-07 03:59:50] 已验证 1040/1318 个频道
[2026-10-07 03:59:54] 已验证 1060/1318 个频道
[2026-10-07 04:00:02] 已验证 1080/1318 个频道
[2026-10-07 04:00:12] 已验证 1100/1318 个频道
[2026-10-07 04:00:16] 已验证 1120/1318 个频道
[2026-10-07 04:00:19] 已验证 1140/1318 个频道
[2026-10-07 04:00:25] 已验证 1160/1318 个频道
[2026-10-07 04:00:29] 已验证 1180/1318 个频道
[2026-10-07 04:00:31] 已验证 1200/1318 个频道
[2026-10-07 04:00:34] 已验证 1220/1318 个频道
[2026-10-07 04:00:38] 已验证 1240/1318 个频道
[2026-10-07 04:00:41] 已验证 1260/1318 个频道
[2026-10-07 04:00:53] 已验证 1280/1318 个频道
[2026-10-07 04:01:08] 已验证 1300/1318 个频道
[2026-10-07 04:01:19] 验证完成: 260/1318